2026-04-09 08:12:19 | INFO | portfolio_snapshot | Starting portfolio daily snapshot build
2026-04-09 08:12:19 | INFO | portfolio_snapshot | Loaded 231 daily transaction rows
2026-04-09 08:12:19 | INFO | portfolio_snapshot | Loaded 726 daily market price rows
2026-04-09 08:12:19 | INFO | portfolio_snapshot | Built 231 snapshot rows
2026-04-09 08:12:19 | INFO | portfolio_snapshot | portfolio_daily_snapshot updated successfully
2026-04-09 08:12:19 | INFO | portfolio_snapshot | Database connection closed
2026-04-09 08:32:31 | INFO | portfolio_snapshot | Starting portfolio daily snapshot build
2026-04-09 08:32:31 | INFO | portfolio_snapshot | Loaded 231 daily transaction rows
2026-04-09 08:32:31 | INFO | portfolio_snapshot | Loaded 726 daily market price rows
2026-04-09 08:32:31 | INFO | portfolio_snapshot | Built 231 snapshot rows
2026-04-09 08:32:31 | INFO | portfolio_snapshot | portfolio_daily_snapshot updated successfully
2026-04-09 08:32:31 | INFO | portfolio_snapshot | Database connection closed
2026-04-09 08:47:18 | INFO | portfolio_snapshot | Starting portfolio daily snapshot build
2026-04-09 08:47:18 | INFO | portfolio_snapshot | Loaded 234 daily transaction rows
2026-04-09 08:47:18 | INFO | portfolio_snapshot | Loaded 726 daily market price rows
2026-04-09 08:47:18 | INFO | portfolio_snapshot | Built 234 snapshot rows
2026-04-09 08:47:18 | INFO | portfolio_snapshot | portfolio_daily_snapshot updated successfully
2026-04-09 08:47:18 | INFO | portfolio_snapshot | Database connection closed
2026-04-09 10:33:15 | INFO | portfolio_snapshot | Starting portfolio daily snapshot build
2026-04-09 10:37:22 | INFO | portfolio_snapshot | Starting portfolio daily snapshot build
2026-04-09 10:37:22 | INFO | portfolio_snapshot | portfolio_daily_snapshot updated successfully
2026-04-09 12:52:00 | INFO | portfolio_snapshot | Starting portfolio daily snapshot build
2026-04-09 12:52:00 | INFO | portfolio_snapshot | portfolio_daily_snapshot updated successfully
2026-04-09 13:14:05 | INFO | portfolio_snapshot | Starting portfolio daily snapshot build
2026-04-09 13:14:05 | INFO | portfolio_snapshot | portfolio_daily_snapshot updated successfully
