2026-04-15 01:04:24 | INFO | current_pipeline | Starting current pipeline
2026-04-15 01:04:24 | INFO | crypto_pipeline | Updating market prices
2026-04-15 01:04:25 | INFO | crypto_pipeline | Asset IDs:
2026-04-15 01:04:25 | INFO | crypto_pipeline | Saved BTC: price_usd=74073, eur_rate=0.84796, price_eur=62810.94108000
2026-04-15 01:04:25 | INFO | crypto_pipeline | Saved ETH: price_usd=2316.44, eur_rate=0.84796, price_eur=1964.24846240
2026-04-15 01:04:25 | INFO | crypto_pipeline | Current market prices saved successfully.
2026-04-15 01:04:25 | INFO | current_pipeline | Current market prices updated successfully
2026-04-15 01:04:25 | INFO | current_pipeline | Transactions for today generated successfully
2026-04-15 01:04:25 | INFO | portfolio_snapshot | Starting portfolio daily snapshot build
2026-04-15 01:04:25 | INFO | portfolio_snapshot | portfolio_daily_snapshot updated successfully
2026-04-15 01:04:25 | INFO | current_pipeline | Portfolio snapshot updated successfully
2026-04-15 01:04:25 | INFO | current_pipeline | Finished current pipeline
2026-04-15 04:04:21 | INFO | current_pipeline | Starting current pipeline
2026-04-15 04:04:21 | INFO | crypto_pipeline | Updating market prices
2026-04-15 04:04:22 | INFO | crypto_pipeline | Asset IDs:
2026-04-15 04:04:22 | INFO | crypto_pipeline | Saved BTC: price_usd=74650, eur_rate=0.84796, price_eur=63300.21400000
2026-04-15 04:04:22 | INFO | crypto_pipeline | Saved ETH: price_usd=2336.24, eur_rate=0.84796, price_eur=1981.03807040
2026-04-15 04:04:22 | INFO | crypto_pipeline | Current market prices saved successfully.
2026-04-15 04:04:22 | INFO | current_pipeline | Current market prices updated successfully
2026-04-15 04:04:22 | INFO | current_pipeline | Transactions for today generated successfully
2026-04-15 04:04:22 | INFO | portfolio_snapshot | Starting portfolio daily snapshot build
2026-04-15 04:04:22 | INFO | portfolio_snapshot | portfolio_daily_snapshot updated successfully
2026-04-15 04:04:22 | INFO | current_pipeline | Portfolio snapshot updated successfully
2026-04-15 04:04:22 | INFO | current_pipeline | Finished current pipeline
2026-04-15 07:04:20 | INFO | current_pipeline | Starting current pipeline
2026-04-15 07:04:20 | INFO | crypto_pipeline | Updating market prices
2026-04-15 07:04:28 | INFO | crypto_pipeline | Asset IDs:
2026-04-15 07:04:28 | INFO | crypto_pipeline | Saved BTC: price_usd=74369, eur_rate=0.84796, price_eur=63061.93724000
2026-04-15 07:04:28 | INFO | crypto_pipeline | Saved ETH: price_usd=2335.58, eur_rate=0.84796, price_eur=1980.47841680
2026-04-15 07:04:28 | INFO | crypto_pipeline | Current market prices saved successfully.
2026-04-15 07:04:28 | INFO | current_pipeline | Current market prices updated successfully
2026-04-15 07:04:28 | INFO | current_pipeline | Transactions for today generated successfully
2026-04-15 07:04:28 | INFO | portfolio_snapshot | Starting portfolio daily snapshot build
2026-04-15 07:04:28 | INFO | portfolio_snapshot | portfolio_daily_snapshot updated successfully
2026-04-15 07:04:28 | INFO | current_pipeline | Portfolio snapshot updated successfully
2026-04-15 07:04:28 | INFO | current_pipeline | Finished current pipeline
2026-04-15 07:05:01 | INFO | current_pipeline | Starting current pipeline
2026-04-15 07:05:01 | INFO | crypto_pipeline | Updating market prices
2026-04-15 07:05:07 | INFO | crypto_pipeline | Asset IDs:
2026-04-15 07:05:07 | INFO | crypto_pipeline | Saved BTC: price_usd=74369, eur_rate=0.84796, price_eur=63061.93724000
2026-04-15 07:05:07 | INFO | crypto_pipeline | Saved ETH: price_usd=2335.58, eur_rate=0.84796, price_eur=1980.47841680
2026-04-15 07:05:07 | INFO | crypto_pipeline | Current market prices saved successfully.
2026-04-15 07:05:07 | INFO | current_pipeline | Current market prices updated successfully
2026-04-15 07:05:07 | INFO | current_pipeline | Transactions for today generated successfully
2026-04-15 07:05:07 | INFO | portfolio_snapshot | Starting portfolio daily snapshot build
2026-04-15 07:05:07 | INFO | portfolio_snapshot | portfolio_daily_snapshot updated successfully
2026-04-15 07:05:07 | INFO | current_pipeline | Portfolio snapshot updated successfully
2026-04-15 07:05:07 | INFO | current_pipeline | Finished current pipeline
2026-04-15 10:04:21 | INFO | current_pipeline | Starting current pipeline
2026-04-15 10:04:21 | INFO | crypto_pipeline | Updating market prices
2026-04-15 10:04:22 | INFO | crypto_pipeline | Asset IDs:
2026-04-15 10:04:22 | INFO | crypto_pipeline | Saved BTC: price_usd=73755, eur_rate=0.84796, price_eur=62541.28980000
2026-04-15 10:04:22 | INFO | crypto_pipeline | Saved ETH: price_usd=2316.72, eur_rate=0.84796, price_eur=1964.48589120
2026-04-15 10:04:22 | INFO | crypto_pipeline | Current market prices saved successfully.
2026-04-15 10:04:22 | INFO | current_pipeline | Current market prices updated successfully
2026-04-15 10:04:22 | INFO | current_pipeline | Transactions for today generated successfully
2026-04-15 10:04:22 | INFO | portfolio_snapshot | Starting portfolio daily snapshot build
2026-04-15 10:04:22 | INFO | portfolio_snapshot | portfolio_daily_snapshot updated successfully
2026-04-15 10:04:22 | INFO | current_pipeline | Portfolio snapshot updated successfully
2026-04-15 10:04:22 | INFO | current_pipeline | Finished current pipeline
2026-04-15 10:05:02 | INFO | current_pipeline | Starting current pipeline
2026-04-15 10:05:02 | INFO | crypto_pipeline | Updating market prices
2026-04-15 10:05:03 | INFO | crypto_pipeline | Asset IDs:
2026-04-15 10:05:03 | INFO | crypto_pipeline | Saved BTC: price_usd=73726, eur_rate=0.84796, price_eur=62516.69896000
2026-04-15 10:05:03 | INFO | crypto_pipeline | Saved ETH: price_usd=2315.82, eur_rate=0.84796, price_eur=1963.72272720
2026-04-15 10:05:03 | INFO | crypto_pipeline | Current market prices saved successfully.
2026-04-15 10:05:03 | INFO | current_pipeline | Current market prices updated successfully
2026-04-15 10:05:03 | INFO | current_pipeline | Transactions for today generated successfully
2026-04-15 10:05:03 | INFO | portfolio_snapshot | Starting portfolio daily snapshot build
2026-04-15 10:05:03 | INFO | portfolio_snapshot | portfolio_daily_snapshot updated successfully
2026-04-15 10:05:03 | INFO | current_pipeline | Portfolio snapshot updated successfully
2026-04-15 10:05:03 | INFO | current_pipeline | Finished current pipeline
2026-04-15 13:05:02 | INFO | current_pipeline | Starting current pipeline
2026-04-15 13:05:02 | INFO | crypto_pipeline | Updating market prices
2026-04-15 13:05:03 | INFO | crypto_pipeline | Asset IDs:
2026-04-15 13:05:03 | INFO | crypto_pipeline | Saved BTC: price_usd=74028, eur_rate=0.84796, price_eur=62772.78288000
2026-04-15 13:05:03 | INFO | crypto_pipeline | Saved ETH: price_usd=2322.72, eur_rate=0.84796, price_eur=1969.57365120
2026-04-15 13:05:03 | INFO | crypto_pipeline | Current market prices saved successfully.
2026-04-15 13:05:03 | INFO | current_pipeline | Current market prices updated successfully
2026-04-15 13:05:03 | INFO | current_pipeline | Transactions for today generated successfully
2026-04-15 13:05:03 | INFO | portfolio_snapshot | Starting portfolio daily snapshot build
2026-04-15 13:05:03 | INFO | portfolio_snapshot | portfolio_daily_snapshot updated successfully
2026-04-15 13:05:03 | INFO | current_pipeline | Portfolio snapshot updated successfully
2026-04-15 13:05:03 | INFO | current_pipeline | Finished current pipeline
2026-04-15 15:12:59 | INFO | current_pipeline | Starting current pipeline
2026-04-15 15:12:59 | INFO | crypto_pipeline | Updating market prices
2026-04-15 15:13:00 | INFO | crypto_pipeline | Asset IDs:
2026-04-15 15:13:00 | INFO | crypto_pipeline | Saved BTC: price_usd=74297, eur_rate=0.84796, price_eur=63000.88412000
2026-04-15 15:13:00 | INFO | crypto_pipeline | Saved ETH: price_usd=2334.34, eur_rate=0.84796, price_eur=1979.42694640
2026-04-15 15:13:00 | INFO | crypto_pipeline | Current market prices saved successfully.
2026-04-15 15:13:00 | INFO | current_pipeline | Current market prices updated successfully
2026-04-15 15:13:00 | INFO | current_pipeline | Transactions for today generated successfully
2026-04-15 15:13:00 | INFO | portfolio_snapshot | Starting portfolio daily snapshot build
2026-04-15 15:13:00 | INFO | portfolio_snapshot | portfolio_daily_snapshot updated successfully
2026-04-15 15:13:00 | INFO | current_pipeline | Portfolio snapshot updated successfully
2026-04-15 15:13:00 | INFO | current_pipeline | Finished current pipeline
2026-04-15 15:13:00 | INFO | portfolio_snapshot | Starting portfolio daily snapshot build
2026-04-15 15:13:00 | INFO | portfolio_snapshot | portfolio_daily_snapshot updated successfully
