2026-04-08 10:15:19 | INFO | current_pipeline | Starting current pipeline
2026-04-08 10:15:19 | INFO | crypto_pipeline | Updating market prices
2026-04-08 10:15:19 | INFO | crypto_pipeline | Asset IDs:
2026-04-08 10:15:19 | INFO | crypto_pipeline | Saved BTC: price_usd=71693, eur_rate=0.86528, price_eur=62034.51904000
2026-04-08 10:15:19 | INFO | crypto_pipeline | Saved ETH: price_usd=2253.3, eur_rate=0.86528, price_eur=1949.73542400
2026-04-08 10:15:19 | INFO | crypto_pipeline | Current market prices saved successfully.
2026-04-08 10:15:19 | INFO | current_pipeline | Current market prices updated successfully
2026-04-08 10:15:19 | INFO | current_pipeline | Transactions for today generated successfully
2026-04-08 10:15:19 | INFO | current_pipeline | Finished current pipeline
2026-04-08 10:15:32 | INFO | current_pipeline | Starting current pipeline
2026-04-08 10:15:32 | INFO | crypto_pipeline | Updating market prices
2026-04-08 10:15:33 | INFO | crypto_pipeline | Asset IDs:
2026-04-08 10:15:33 | INFO | crypto_pipeline | Saved BTC: price_usd=71693, eur_rate=0.86528, price_eur=62034.51904000
2026-04-08 10:15:33 | INFO | crypto_pipeline | Saved ETH: price_usd=2253.3, eur_rate=0.86528, price_eur=1949.73542400
2026-04-08 10:15:33 | INFO | crypto_pipeline | Current market prices saved successfully.
2026-04-08 10:15:33 | INFO | current_pipeline | Current market prices updated successfully
2026-04-08 10:15:33 | INFO | current_pipeline | Transactions for today generated successfully
2026-04-08 10:15:33 | INFO | current_pipeline | Finished current pipeline
2026-04-08 10:43:51 | INFO | current_pipeline | Starting current pipeline
2026-04-08 10:43:51 | INFO | crypto_pipeline | Updating market prices
2026-04-08 10:43:52 | INFO | crypto_pipeline | Asset IDs:
2026-04-08 10:43:52 | INFO | crypto_pipeline | Saved BTC: price_usd=71729, eur_rate=0.86528, price_eur=62065.66912000
2026-04-08 10:43:52 | INFO | crypto_pipeline | Saved ETH: price_usd=2254.78, eur_rate=0.86528, price_eur=1951.01603840
2026-04-08 10:43:52 | INFO | crypto_pipeline | Current market prices saved successfully.
2026-04-08 10:43:52 | INFO | current_pipeline | Current market prices updated successfully
2026-04-08 10:43:52 | INFO | current_pipeline | Transactions for today generated successfully
2026-04-08 10:43:52 | INFO | current_pipeline | Finished current pipeline
2026-04-08 10:45:01 | INFO | current_pipeline | Starting current pipeline
2026-04-08 10:45:01 | INFO | crypto_pipeline | Updating market prices
2026-04-08 10:45:02 | INFO | crypto_pipeline | Asset IDs:
2026-04-08 10:45:02 | INFO | crypto_pipeline | Saved BTC: price_usd=71733, eur_rate=0.86528, price_eur=62069.13024000
2026-04-08 10:45:02 | INFO | crypto_pipeline | Saved ETH: price_usd=2254.56, eur_rate=0.86528, price_eur=1950.82567680
2026-04-08 10:45:02 | INFO | crypto_pipeline | Current market prices saved successfully.
2026-04-08 10:45:02 | INFO | current_pipeline | Current market prices updated successfully
2026-04-08 10:45:02 | INFO | current_pipeline | Transactions for today generated successfully
2026-04-08 10:45:02 | INFO | current_pipeline | Finished current pipeline
2026-04-08 10:50:01 | INFO | current_pipeline | Starting current pipeline
2026-04-08 10:50:01 | INFO | crypto_pipeline | Updating market prices
2026-04-08 10:50:02 | INFO | crypto_pipeline | Asset IDs:
2026-04-08 10:50:02 | INFO | crypto_pipeline | Saved BTC: price_usd=71717, eur_rate=0.86528, price_eur=62055.28576000
2026-04-08 10:50:02 | INFO | crypto_pipeline | Saved ETH: price_usd=2253.14, eur_rate=0.86528, price_eur=1949.59697920
2026-04-08 10:50:02 | INFO | crypto_pipeline | Current market prices saved successfully.
2026-04-08 10:50:02 | INFO | current_pipeline | Current market prices updated successfully
2026-04-08 10:50:02 | INFO | current_pipeline | Transactions for today generated successfully
2026-04-08 10:50:02 | INFO | current_pipeline | Finished current pipeline
2026-04-08 13:05:02 | INFO | current_pipeline | Starting current pipeline
2026-04-08 13:05:02 | INFO | crypto_pipeline | Updating market prices
2026-04-08 13:05:03 | INFO | crypto_pipeline | Asset IDs:
2026-04-08 13:05:03 | INFO | crypto_pipeline | Saved BTC: price_usd=71490, eur_rate=0.86528, price_eur=61858.86720000
2026-04-08 13:05:03 | INFO | crypto_pipeline | Saved ETH: price_usd=2242.56, eur_rate=0.86528, price_eur=1940.44231680
2026-04-08 13:05:03 | INFO | crypto_pipeline | Current market prices saved successfully.
2026-04-08 13:05:03 | INFO | current_pipeline | Current market prices updated successfully
2026-04-08 13:05:03 | INFO | current_pipeline | Transactions for today generated successfully
2026-04-08 13:05:03 | INFO | current_pipeline | Finished current pipeline
2026-04-08 14:59:04 | INFO | current_pipeline | Starting current pipeline
2026-04-08 14:59:04 | INFO | crypto_pipeline | Updating market prices
2026-04-08 14:59:05 | INFO | crypto_pipeline | Asset IDs:
2026-04-08 14:59:05 | INFO | crypto_pipeline | Saved BTC: price_usd=71977, eur_rate=0.86528, price_eur=62280.25856000
2026-04-08 14:59:05 | INFO | crypto_pipeline | Saved ETH: price_usd=2254.64, eur_rate=0.86528, price_eur=1950.89489920
2026-04-08 14:59:05 | INFO | crypto_pipeline | Current market prices saved successfully.
2026-04-08 14:59:05 | INFO | current_pipeline | Current market prices updated successfully
2026-04-08 14:59:05 | INFO | current_pipeline | Transactions for today generated successfully
2026-04-08 14:59:05 | INFO | current_pipeline | Finished current pipeline
2026-04-08 16:48:35 | INFO | current_pipeline | Starting current pipeline
2026-04-08 16:48:35 | INFO | crypto_pipeline | Updating market prices
2026-04-08 16:48:37 | INFO | crypto_pipeline | Asset IDs:
2026-04-08 16:48:37 | INFO | crypto_pipeline | Saved BTC: price_usd=71120, eur_rate=0.86528, price_eur=61538.71360000
2026-04-08 16:48:37 | INFO | crypto_pipeline | Saved ETH: price_usd=2207.77, eur_rate=0.86528, price_eur=1910.33922560
2026-04-08 16:48:37 | INFO | crypto_pipeline | Current market prices saved successfully.
2026-04-08 16:48:37 | INFO | current_pipeline | Current market prices updated successfully
2026-04-08 16:48:37 | INFO | current_pipeline | Transactions for today generated successfully
2026-04-08 16:48:37 | INFO | current_pipeline | Finished current pipeline
2026-04-08 19:05:01 | INFO | current_pipeline | Starting current pipeline
2026-04-08 19:05:01 | INFO | crypto_pipeline | Updating market prices
2026-04-08 19:05:07 | INFO | crypto_pipeline | Asset IDs:
2026-04-08 19:05:07 | INFO | crypto_pipeline | Saved BTC: price_usd=71616, eur_rate=0.85426, price_eur=61178.68416000
2026-04-08 19:05:07 | INFO | crypto_pipeline | Saved ETH: price_usd=2221.72, eur_rate=0.85426, price_eur=1897.92652720
2026-04-08 19:05:07 | INFO | crypto_pipeline | Current market prices saved successfully.
2026-04-08 19:05:07 | INFO | current_pipeline | Current market prices updated successfully
2026-04-08 19:05:07 | INFO | current_pipeline | Transactions for today generated successfully
2026-04-08 19:05:07 | INFO | current_pipeline | Finished current pipeline
2026-04-08 22:05:01 | INFO | current_pipeline | Starting current pipeline
2026-04-08 22:05:01 | INFO | crypto_pipeline | Updating market prices
2026-04-08 22:05:02 | INFO | crypto_pipeline | Asset IDs:
2026-04-08 22:05:02 | INFO | crypto_pipeline | Saved BTC: price_usd=71384, eur_rate=0.85426, price_eur=60980.49584000
2026-04-08 22:05:02 | INFO | crypto_pipeline | Saved ETH: price_usd=2213.15, eur_rate=0.85426, price_eur=1890.60551900
2026-04-08 22:05:02 | INFO | crypto_pipeline | Current market prices saved successfully.
2026-04-08 22:05:02 | INFO | current_pipeline | Current market prices updated successfully
2026-04-08 22:05:02 | INFO | current_pipeline | Transactions for today generated successfully
2026-04-08 22:05:02 | INFO | current_pipeline | Finished current pipeline
