2026-04-11 01:05:02 | INFO | current_pipeline | Starting current pipeline
2026-04-11 01:05:02 | INFO | crypto_pipeline | Updating market prices
2026-04-11 01:05:03 | INFO | crypto_pipeline | Asset IDs:
2026-04-11 01:05:03 | INFO | crypto_pipeline | Saved BTC: price_usd=72882, eur_rate=0.8539, price_eur=62233.93980000
2026-04-11 01:05:03 | INFO | crypto_pipeline | Saved ETH: price_usd=2242.68, eur_rate=0.8539, price_eur=1915.02445200
2026-04-11 01:05:03 | INFO | crypto_pipeline | Current market prices saved successfully.
2026-04-11 01:05:03 | INFO | current_pipeline | Current market prices updated successfully
2026-04-11 01:05:03 | INFO | current_pipeline | Transactions for today generated successfully
2026-04-11 01:05:03 | INFO | portfolio_snapshot | Starting portfolio daily snapshot build
2026-04-11 01:05:03 | INFO | portfolio_snapshot | portfolio_daily_snapshot updated successfully
2026-04-11 01:05:03 | INFO | current_pipeline | Portfolio snapshot updated successfully
2026-04-11 01:05:03 | INFO | current_pipeline | Finished current pipeline
2026-04-11 04:05:02 | INFO | current_pipeline | Starting current pipeline
2026-04-11 04:05:02 | INFO | crypto_pipeline | Updating market prices
2026-04-11 04:05:03 | INFO | crypto_pipeline | Asset IDs:
2026-04-11 04:05:03 | INFO | crypto_pipeline | Saved BTC: price_usd=72980, eur_rate=0.8539, price_eur=62317.62200000
2026-04-11 04:05:03 | INFO | crypto_pipeline | Saved ETH: price_usd=2244.98, eur_rate=0.8539, price_eur=1916.98842200
2026-04-11 04:05:03 | INFO | crypto_pipeline | Current market prices saved successfully.
2026-04-11 04:05:03 | INFO | current_pipeline | Current market prices updated successfully
2026-04-11 04:05:03 | INFO | current_pipeline | Transactions for today generated successfully
2026-04-11 04:05:03 | INFO | portfolio_snapshot | Starting portfolio daily snapshot build
2026-04-11 04:05:03 | INFO | portfolio_snapshot | portfolio_daily_snapshot updated successfully
2026-04-11 04:05:03 | INFO | current_pipeline | Portfolio snapshot updated successfully
2026-04-11 04:05:03 | INFO | current_pipeline | Finished current pipeline
2026-04-11 07:05:02 | INFO | current_pipeline | Starting current pipeline
2026-04-11 07:05:02 | INFO | crypto_pipeline | Updating market prices
2026-04-11 07:05:02 | INFO | crypto_pipeline | Asset IDs:
2026-04-11 07:05:02 | INFO | crypto_pipeline | Saved BTC: price_usd=72835, eur_rate=0.8539, price_eur=62193.80650000
2026-04-11 07:05:02 | INFO | crypto_pipeline | Saved ETH: price_usd=2242.03, eur_rate=0.8539, price_eur=1914.46941700
2026-04-11 07:05:02 | INFO | crypto_pipeline | Current market prices saved successfully.
2026-04-11 07:05:02 | INFO | current_pipeline | Current market prices updated successfully
2026-04-11 07:05:02 | INFO | current_pipeline | Transactions for today generated successfully
2026-04-11 07:05:02 | INFO | portfolio_snapshot | Starting portfolio daily snapshot build
2026-04-11 07:05:03 | INFO | portfolio_snapshot | portfolio_daily_snapshot updated successfully
2026-04-11 07:05:03 | INFO | current_pipeline | Portfolio snapshot updated successfully
2026-04-11 07:05:03 | INFO | current_pipeline | Finished current pipeline
2026-04-11 10:05:02 | INFO | current_pipeline | Starting current pipeline
2026-04-11 10:05:02 | INFO | crypto_pipeline | Updating market prices
2026-04-11 10:05:07 | INFO | crypto_pipeline | Asset IDs:
2026-04-11 10:05:07 | INFO | crypto_pipeline | Saved BTC: price_usd=72749, eur_rate=0.8539, price_eur=62120.37110000
2026-04-11 10:05:07 | INFO | crypto_pipeline | Saved ETH: price_usd=2233.05, eur_rate=0.8539, price_eur=1906.80139500
2026-04-11 10:05:07 | INFO | crypto_pipeline | Current market prices saved successfully.
2026-04-11 10:05:07 | INFO | current_pipeline | Current market prices updated successfully
2026-04-11 10:05:07 | INFO | current_pipeline | Transactions for today generated successfully
2026-04-11 10:05:07 | INFO | portfolio_snapshot | Starting portfolio daily snapshot build
2026-04-11 10:05:07 | INFO | portfolio_snapshot | portfolio_daily_snapshot updated successfully
2026-04-11 10:05:07 | INFO | current_pipeline | Portfolio snapshot updated successfully
2026-04-11 10:05:07 | INFO | current_pipeline | Finished current pipeline
2026-04-11 13:05:02 | INFO | current_pipeline | Starting current pipeline
2026-04-11 13:05:02 | INFO | crypto_pipeline | Updating market prices
2026-04-11 13:05:03 | INFO | crypto_pipeline | Asset IDs:
2026-04-11 13:05:03 | INFO | crypto_pipeline | Saved BTC: price_usd=72859, eur_rate=0.8539, price_eur=62214.30010000
2026-04-11 13:05:03 | INFO | crypto_pipeline | Saved ETH: price_usd=2240.87, eur_rate=0.8539, price_eur=1913.47889300
2026-04-11 13:05:03 | INFO | crypto_pipeline | Current market prices saved successfully.
2026-04-11 13:05:03 | INFO | current_pipeline | Current market prices updated successfully
2026-04-11 13:05:03 | INFO | current_pipeline | Transactions for today generated successfully
2026-04-11 13:05:03 | INFO | portfolio_snapshot | Starting portfolio daily snapshot build
2026-04-11 13:05:03 | INFO | portfolio_snapshot | portfolio_daily_snapshot updated successfully
2026-04-11 13:05:03 | INFO | current_pipeline | Portfolio snapshot updated successfully
2026-04-11 13:05:03 | INFO | current_pipeline | Finished current pipeline
2026-04-11 16:05:02 | INFO | current_pipeline | Starting current pipeline
2026-04-11 16:05:02 | INFO | crypto_pipeline | Updating market prices
2026-04-11 16:05:03 | INFO | crypto_pipeline | Asset IDs:
2026-04-11 16:05:03 | INFO | crypto_pipeline | Saved BTC: price_usd=72670, eur_rate=0.8539, price_eur=62052.91300000
2026-04-11 16:05:03 | INFO | crypto_pipeline | Saved ETH: price_usd=2240.1, eur_rate=0.8539, price_eur=1912.82139000
2026-04-11 16:05:03 | INFO | crypto_pipeline | Current market prices saved successfully.
2026-04-11 16:05:03 | INFO | current_pipeline | Current market prices updated successfully
2026-04-11 16:05:03 | INFO | current_pipeline | Transactions for today generated successfully
2026-04-11 16:05:03 | INFO | portfolio_snapshot | Starting portfolio daily snapshot build
2026-04-11 16:05:03 | INFO | portfolio_snapshot | portfolio_daily_snapshot updated successfully
2026-04-11 16:05:03 | INFO | current_pipeline | Portfolio snapshot updated successfully
2026-04-11 16:05:03 | INFO | current_pipeline | Finished current pipeline
2026-04-11 19:05:02 | INFO | current_pipeline | Starting current pipeline
2026-04-11 19:05:02 | INFO | crypto_pipeline | Updating market prices
2026-04-11 19:05:03 | INFO | crypto_pipeline | Asset IDs:
2026-04-11 19:05:03 | INFO | crypto_pipeline | Saved BTC: price_usd=73051, eur_rate=0.8539, price_eur=62378.24890000
2026-04-11 19:05:03 | INFO | crypto_pipeline | Saved ETH: price_usd=2260.16, eur_rate=0.8539, price_eur=1929.95062400
2026-04-11 19:05:03 | INFO | crypto_pipeline | Current market prices saved successfully.
2026-04-11 19:05:03 | INFO | current_pipeline | Current market prices updated successfully
2026-04-11 19:05:03 | INFO | current_pipeline | Transactions for today generated successfully
2026-04-11 19:05:03 | INFO | portfolio_snapshot | Starting portfolio daily snapshot build
2026-04-11 19:05:03 | INFO | portfolio_snapshot | portfolio_daily_snapshot updated successfully
2026-04-11 19:05:03 | INFO | current_pipeline | Portfolio snapshot updated successfully
2026-04-11 19:05:03 | INFO | current_pipeline | Finished current pipeline
2026-04-11 22:05:02 | INFO | current_pipeline | Starting current pipeline
2026-04-11 22:05:02 | INFO | crypto_pipeline | Updating market prices
2026-04-11 22:05:03 | INFO | crypto_pipeline | Asset IDs:
2026-04-11 22:05:03 | INFO | crypto_pipeline | Saved BTC: price_usd=73676, eur_rate=0.8539, price_eur=62911.93640000
2026-04-11 22:05:03 | INFO | crypto_pipeline | Saved ETH: price_usd=2315.43, eur_rate=0.8539, price_eur=1977.14567700
2026-04-11 22:05:03 | INFO | crypto_pipeline | Current market prices saved successfully.
2026-04-11 22:05:03 | INFO | current_pipeline | Current market prices updated successfully
2026-04-11 22:05:03 | INFO | current_pipeline | Transactions for today generated successfully
2026-04-11 22:05:03 | INFO | portfolio_snapshot | Starting portfolio daily snapshot build
2026-04-11 22:05:03 | INFO | portfolio_snapshot | portfolio_daily_snapshot updated successfully
2026-04-11 22:05:03 | INFO | current_pipeline | Portfolio snapshot updated successfully
2026-04-11 22:05:03 | INFO | current_pipeline | Finished current pipeline
